// Jest Snapshot v1, https://goo.gl/fbAQLP

exports[`Content renders 1`] = `
<div
  className="content"
>
  <div
    className="content-options"
    style={
      Object {
        "alignItems": "flex-start",
        "borderBottom": "solid 1px #d9d9d9",
        "display": "flex",
        "flexFlow": "column wrap",
        "height": "70px",
        "justifyContent": "flex-start",
        "margin": "0 auto",
        "maxWidth": "1176px",
      }
    }
  >
    <div
      className="options"
      style={
        Object {
          "display": "flex",
        }
      }
    >
      <div
        className="products-count-options"
        style={
          Object {
            "alignItems": "center",
            "color": "#616161",
            "display": "flex",
            "fontSize": "24px",
            "justifyContent": "center",
            "letterSpacing": "-0.15px",
            "lineHeight": "48px",
            "textAlign": "left",
          }
        }
      >
        16 of 4 items
      </div>
      <div
        className="divider"
        style={
          Object {
            "background": "#d9d9d9",
            "height": "49px",
            "margin": "5px",
            "marginLeft": "23px",
            "width": "1px",
          }
        }
      />
      <div
        className="filters"
        style={
          Object {
            "display": "flex",
          }
        }
      >
        <p
          className="filters-label"
          style={
            Object {
              "alignItems": "center",
              "color": "#a3a3a3",
              "display": "flex",
              "fontSize": "24px",
              "justifyContent": "center",
              "letterSpacing": "-0.15px",
              "margin": "0",
              "marginLeft": "24px",
              "textAlign": "left",
              "userSelect": "none",
            }
          }
        >
          Sort by:
        </p>
        <ul
          className="filters"
          style={
            Object {
              "alignItems": "center",
              "display": "flex",
              "flexFlow": "row",
              "listStyle": "none",
              "margin": "0",
              "padding": "0",
            }
          }
        />
      </div>
    </div>
    <div
      className="controls"
      style={
        Object {
          "alignItems": "flex-start",
          "alignSelf": "flex-end",
          "display": "flex",
          "height": "100%",
        }
      }
    />
  </div>
  <div
    className="product-list"
    style={
      Object {
        "display": "flex",
        "flexFlow": "row wrap",
        "justifyContent": "space-around",
        "margin": "0 auto",
        "maxWidth": "1176px",
      }
    }
  >
    <span
      style={
        Object {
          "display": "flex",
          "flexFlow": "row wrap",
          "justifyContent": "space-around",
          "margin": "0 auto",
          "maxWidth": "1176px",
        }
      }
    >
      <div
        className="product-card"
        onClick={[Function]}
        style={
          Object {
            "background": "#ffffff",
            "boxShadow": "2px 2px 4px 0 rgba(0,0,0,0.10)",
            "cursor": "pointer",
            "height": "276px",
            "marginTop": "41px",
            "position": "relative",
            "userSelect": "none",
            "width": "276px",
          }
        }
      >
        <div
          className="loader"
          style={
            Object {
              "alignItems": "center",
              "display": "flex",
              "height": "182px",
              "justifyContent": "center",
              "marginTop": "12px",
              "width": "252px",
            }
          }
        >
          <div>
            <svg
              height="50"
              viewBox="0 0 38 38"
              width="100"
              xmlns="http://www.w3.org/2000/svg"
            >
              <defs>
                <linearGradient
                  id="a"
                  x1="8.042%"
                  x2="65.682%"
                  y1="0%"
                  y2="23.865%"
                >
                  <stop
                    offset="0%"
                    stopColor="#00bfff"
                    stopOpacity="0"
                  />
                  <stop
                    offset="63.146%"
                    stopColor="#00bfff"
                    stopOpacity=".631"
                  />
                  <stop
                    offset="100%"
                    stopColor="#00bfff"
                  />
                </linearGradient>
              </defs>
              <g
                fill="none"
                fillRule="evenodd"
              >
                <g
                  transform="translate(1 1)"
                >
                  <path
                    d="M36 18c0-9.94-8.06-18-18-18"
                    id="Oval-2"
                    stroke="url(#a)"
                    strokeWidth="2"
                  >
                    <animateTransform
                      attributeName="transform"
                      dur="0.9s"
                      from="0 18 18"
                      repeatCount="indefinite"
                      to="360 18 18"
                      type="rotate"
                    />
                  </path>
                  <circle
                    cx="36"
                    cy="18"
                    fill="#fff"
                    r="1"
                  >
                    <animateTransform
                      attributeName="transform"
                      dur="0.9s"
                      from="0 18 18"
                      repeatCount="indefinite"
                      to="360 18 18"
                      type="rotate"
                    />
                  </circle>
                </g>
              </g>
            </svg>
          </div>
        </div>
        <img
          alt="Secador de Cabello"
          onError={[Function]}
          onLoad={[Function]}
          src="asdas"
          srcSet="asdas 2x"
          style={
            Object {
              "height": "182px",
              "marginTop": "12px",
              "pointerEvents": "none",
              "width": "252px",
            }
          }
        />
        <div
          className="productUnavailable"
          style={
            Object {
              "alignItems": "center",
              "background": "#616161",
              "borderRadius": "100px",
              "display": "flex",
              "height": "42px",
              "justifyContent": "center",
              "opacity": "0.8",
              "pointerEvents": "none",
              "position": "absolute",
              "right": "12px",
              "top": "12px",
              "width": "142px",
            }
          }
        >
          <p
            className="productUnavailableText"
            style={
              Object {
                "color": "#ffffff",
                "fontSize": "14px",
                "letterSpacing": "-0.03px",
                "textAlign": "right",
              }
            }
          >
            You need 2000
          </p>
          <img
            alt="coin"
            className="productUnavailableCoin"
            height="24px"
            src={Object {}}
            style={
              Object {
                "height": "20px",
                "margin": "0 2.5px",
                "width": "20px",
              }
            }
            width="24px"
          />
        </div>
        <div
          className="product-info"
          style={
            Object {
              "bottom": "15px",
              "left": "24px",
              "pointerEvents": "none",
              "position": "absolute",
            }
          }
        >
          <div
            className="product-category"
            style={
              Object {
                "color": "#a3a3a3",
                "fontSize": "16px",
                "letterSpacing": "-0.04px",
                "pointerEvents": "none",
                "textAlign": "left",
              }
            }
          >
            electrodomestico
          </div>
          <div
            className="product-name"
            style={
              Object {
                "color": "#616161",
                "fontSize": "18px",
                "letterSpacing": "-0.04px",
                "pointerEvents": "none",
                "textAlign": "left",
              }
            }
          >
            Secador de Cabello
          </div>
        </div>
      </div>
    </span>
    <span
      style={
        Object {
          "display": "flex",
          "flexFlow": "row wrap",
          "justifyContent": "space-around",
          "margin": "0 auto",
          "maxWidth": "1176px",
        }
      }
    >
      <div
        className="product-card"
        onClick={[Function]}
        style={
          Object {
            "background": "#ffffff",
            "boxShadow": "2px 2px 4px 0 rgba(0,0,0,0.10)",
            "cursor": "pointer",
            "height": "276px",
            "marginTop": "41px",
            "position": "relative",
            "userSelect": "none",
            "width": "276px",
          }
        }
      >
        <div
          className="loader"
          style={
            Object {
              "alignItems": "center",
              "display": "flex",
              "height": "182px",
              "justifyContent": "center",
              "marginTop": "12px",
              "width": "252px",
            }
          }
        >
          <div>
            <svg
              height="50"
              viewBox="0 0 38 38"
              width="100"
              xmlns="http://www.w3.org/2000/svg"
            >
              <defs>
                <linearGradient
                  id="a"
                  x1="8.042%"
                  x2="65.682%"
                  y1="0%"
                  y2="23.865%"
                >
                  <stop
                    offset="0%"
                    stopColor="#00bfff"
                    stopOpacity="0"
                  />
                  <stop
                    offset="63.146%"
                    stopColor="#00bfff"
                    stopOpacity=".631"
                  />
                  <stop
                    offset="100%"
                    stopColor="#00bfff"
                  />
                </linearGradient>
              </defs>
              <g
                fill="none"
                fillRule="evenodd"
              >
                <g
                  transform="translate(1 1)"
                >
                  <path
                    d="M36 18c0-9.94-8.06-18-18-18"
                    id="Oval-2"
                    stroke="url(#a)"
                    strokeWidth="2"
                  >
                    <animateTransform
                      attributeName="transform"
                      dur="0.9s"
                      from="0 18 18"
                      repeatCount="indefinite"
                      to="360 18 18"
                      type="rotate"
                    />
                  </path>
                  <circle
                    cx="36"
                    cy="18"
                    fill="#fff"
                    r="1"
                  >
                    <animateTransform
                      attributeName="transform"
                      dur="0.9s"
                      from="0 18 18"
                      repeatCount="indefinite"
                      to="360 18 18"
                      type="rotate"
                    />
                  </circle>
                </g>
              </g>
            </svg>
          </div>
        </div>
        <img
          alt="Algodon"
          onError={[Function]}
          onLoad={[Function]}
          src="asdas"
          srcSet="asdas 2x"
          style={
            Object {
              "height": "182px",
              "marginTop": "12px",
              "pointerEvents": "none",
              "width": "252px",
            }
          }
        />
        <div
          className="productUnavailable"
          style={
            Object {
              "alignItems": "center",
              "background": "#616161",
              "borderRadius": "100px",
              "display": "flex",
              "height": "42px",
              "justifyContent": "center",
              "opacity": "0.8",
              "pointerEvents": "none",
              "position": "absolute",
              "right": "12px",
              "top": "12px",
              "width": "142px",
            }
          }
        >
          <p
            className="productUnavailableText"
            style={
              Object {
                "color": "#ffffff",
                "fontSize": "14px",
                "letterSpacing": "-0.03px",
                "textAlign": "right",
              }
            }
          >
            You need 3000
          </p>
          <img
            alt="coin"
            className="productUnavailableCoin"
            height="24px"
            src={Object {}}
            style={
              Object {
                "height": "20px",
                "margin": "0 2.5px",
                "width": "20px",
              }
            }
            width="24px"
          />
        </div>
        <div
          className="product-info"
          style={
            Object {
              "bottom": "15px",
              "left": "24px",
              "pointerEvents": "none",
              "position": "absolute",
            }
          }
        >
          <div
            className="product-category"
            style={
              Object {
                "color": "#a3a3a3",
                "fontSize": "16px",
                "letterSpacing": "-0.04px",
                "pointerEvents": "none",
                "textAlign": "left",
              }
            }
          >
            personal health
          </div>
          <div
            className="product-name"
            style={
              Object {
                "color": "#616161",
                "fontSize": "18px",
                "letterSpacing": "-0.04px",
                "pointerEvents": "none",
                "textAlign": "left",
              }
            }
          >
            Algodon
          </div>
        </div>
      </div>
    </span>
    <span
      style={
        Object {
          "display": "flex",
          "flexFlow": "row wrap",
          "justifyContent": "space-around",
          "margin": "0 auto",
          "maxWidth": "1176px",
        }
      }
    >
      <div
        className="product-card"
        onClick={[Function]}
        style={
          Object {
            "background": "#ffffff",
            "boxShadow": "2px 2px 4px 0 rgba(0,0,0,0.10)",
            "cursor": "pointer",
            "height": "276px",
            "marginTop": "41px",
            "position": "relative",
            "userSelect": "none",
            "width": "276px",
          }
        }
      >
        <div
          className="loader"
          style={
            Object {
              "alignItems": "center",
              "display": "flex",
              "height": "182px",
              "justifyContent": "center",
              "marginTop": "12px",
              "width": "252px",
            }
          }
        >
          <div>
            <svg
              height="50"
              viewBox="0 0 38 38"
              width="100"
              xmlns="http://www.w3.org/2000/svg"
            >
              <defs>
                <linearGradient
                  id="a"
                  x1="8.042%"
                  x2="65.682%"
                  y1="0%"
                  y2="23.865%"
                >
                  <stop
                    offset="0%"
                    stopColor="#00bfff"
                    stopOpacity="0"
                  />
                  <stop
                    offset="63.146%"
                    stopColor="#00bfff"
                    stopOpacity=".631"
                  />
                  <stop
                    offset="100%"
                    stopColor="#00bfff"
                  />
                </linearGradient>
              </defs>
              <g
                fill="none"
                fillRule="evenodd"
              >
                <g
                  transform="translate(1 1)"
                >
                  <path
                    d="M36 18c0-9.94-8.06-18-18-18"
                    id="Oval-2"
                    stroke="url(#a)"
                    strokeWidth="2"
                  >
                    <animateTransform
                      attributeName="transform"
                      dur="0.9s"
                      from="0 18 18"
                      repeatCount="indefinite"
                      to="360 18 18"
                      type="rotate"
                    />
                  </path>
                  <circle
                    cx="36"
                    cy="18"
                    fill="#fff"
                    r="1"
                  >
                    <animateTransform
                      attributeName="transform"
                      dur="0.9s"
                      from="0 18 18"
                      repeatCount="indefinite"
                      to="360 18 18"
                      type="rotate"
                    />
                  </circle>
                </g>
              </g>
            </svg>
          </div>
        </div>
        <img
          alt="Time Travel"
          onError={[Function]}
          onLoad={[Function]}
          src="asdas"
          srcSet="asdas 2x"
          style={
            Object {
              "height": "182px",
              "marginTop": "12px",
              "pointerEvents": "none",
              "width": "252px",
            }
          }
        />
        <img
          alt="affortable"
          height="42px"
          src={Object {}}
          style={
            Object {
              "pointerEvents": "none",
              "position": "absolute",
              "right": "12px",
              "top": "12px",
            }
          }
          width="42px"
        />
        <div
          className="product-info"
          style={
            Object {
              "bottom": "15px",
              "left": "24px",
              "pointerEvents": "none",
              "position": "absolute",
            }
          }
        >
          <div
            className="product-category"
            style={
              Object {
                "color": "#a3a3a3",
                "fontSize": "16px",
                "letterSpacing": "-0.04px",
                "pointerEvents": "none",
                "textAlign": "left",
              }
            }
          >
            Transport
          </div>
          <div
            className="product-name"
            style={
              Object {
                "color": "#616161",
                "fontSize": "18px",
                "letterSpacing": "-0.04px",
                "pointerEvents": "none",
                "textAlign": "left",
              }
            }
          >
            Time Travel
          </div>
        </div>
      </div>
    </span>
    <span
      style={
        Object {
          "display": "flex",
          "flexFlow": "row wrap",
          "justifyContent": "space-around",
          "margin": "0 auto",
          "maxWidth": "1176px",
        }
      }
    >
      <div
        className="product-card"
        onClick={[Function]}
        style={
          Object {
            "background": "#ffffff",
            "boxShadow": "2px 2px 4px 0 rgba(0,0,0,0.10)",
            "cursor": "pointer",
            "height": "276px",
            "marginTop": "41px",
            "position": "relative",
            "userSelect": "none",
            "width": "276px",
          }
        }
      >
        <div
          className="loader"
          style={
            Object {
              "alignItems": "center",
              "display": "flex",
              "height": "182px",
              "justifyContent": "center",
              "marginTop": "12px",
              "width": "252px",
            }
          }
        >
          <div>
            <svg
              height="50"
              viewBox="0 0 38 38"
              width="100"
              xmlns="http://www.w3.org/2000/svg"
            >
              <defs>
                <linearGradient
                  id="a"
                  x1="8.042%"
                  x2="65.682%"
                  y1="0%"
                  y2="23.865%"
                >
                  <stop
                    offset="0%"
                    stopColor="#00bfff"
                    stopOpacity="0"
                  />
                  <stop
                    offset="63.146%"
                    stopColor="#00bfff"
                    stopOpacity=".631"
                  />
                  <stop
                    offset="100%"
                    stopColor="#00bfff"
                  />
                </linearGradient>
              </defs>
              <g
                fill="none"
                fillRule="evenodd"
              >
                <g
                  transform="translate(1 1)"
                >
                  <path
                    d="M36 18c0-9.94-8.06-18-18-18"
                    id="Oval-2"
                    stroke="url(#a)"
                    strokeWidth="2"
                  >
                    <animateTransform
                      attributeName="transform"
                      dur="0.9s"
                      from="0 18 18"
                      repeatCount="indefinite"
                      to="360 18 18"
                      type="rotate"
                    />
                  </path>
                  <circle
                    cx="36"
                    cy="18"
                    fill="#fff"
                    r="1"
                  >
                    <animateTransform
                      attributeName="transform"
                      dur="0.9s"
                      from="0 18 18"
                      repeatCount="indefinite"
                      to="360 18 18"
                      type="rotate"
                    />
                  </circle>
                </g>
              </g>
            </svg>
          </div>
        </div>
        <img
          alt="Rick and Morty Season 5 DVD"
          onError={[Function]}
          onLoad={[Function]}
          src="asdas"
          srcSet="asdas 2x"
          style={
            Object {
              "height": "182px",
              "marginTop": "12px",
              "pointerEvents": "none",
              "width": "252px",
            }
          }
        />
        <div
          className="productUnavailable"
          style={
            Object {
              "alignItems": "center",
              "background": "#616161",
              "borderRadius": "100px",
              "display": "flex",
              "height": "42px",
              "justifyContent": "center",
              "opacity": "0.8",
              "pointerEvents": "none",
              "position": "absolute",
              "right": "12px",
              "top": "12px",
              "width": "142px",
            }
          }
        >
          <p
            className="productUnavailableText"
            style={
              Object {
                "color": "#ffffff",
                "fontSize": "14px",
                "letterSpacing": "-0.03px",
                "textAlign": "right",
              }
            }
          >
            You need 1000
          </p>
          <img
            alt="coin"
            className="productUnavailableCoin"
            height="24px"
            src={Object {}}
            style={
              Object {
                "height": "20px",
                "margin": "0 2.5px",
                "width": "20px",
              }
            }
            width="24px"
          />
        </div>
        <div
          className="product-info"
          style={
            Object {
              "bottom": "15px",
              "left": "24px",
              "pointerEvents": "none",
              "position": "absolute",
            }
          }
        >
          <div
            className="product-category"
            style={
              Object {
                "color": "#a3a3a3",
                "fontSize": "16px",
                "letterSpacing": "-0.04px",
                "pointerEvents": "none",
                "textAlign": "left",
              }
            }
          >
            entertainment
          </div>
          <div
            className="product-name"
            style={
              Object {
                "color": "#616161",
                "fontSize": "18px",
                "letterSpacing": "-0.04px",
                "pointerEvents": "none",
                "textAlign": "left",
              }
            }
          >
            Rick and Morty Season 5 DVD
          </div>
        </div>
      </div>
    </span>
  </div>
  <div
    className="content-footer"
    style={
      Object {
        "alignItems": "center",
        "borderBottom": "solid 1px #d9d9d9",
        "display": "flex",
        "height": "70px",
        "justifyContent": "flex-start",
        "margin": "0 auto",
        "marginBottom": "100px",
        "marginTop": "59px",
        "maxWidth": "1176px",
        "position": "relative",
      }
    }
  >
    <p
      className="products-count-footer"
      style={
        Object {
          "alignItems": "center",
          "color": "#616161",
          "display": "flex",
          "fontSize": "24px",
          "justifyContent": "center",
          "letterSpacing": "-0.15px",
          "lineHeight": "48px",
          "margin": "0 10px",
          "textAlign": "left",
        }
      }
    >
      16 of 4 items
    </p>
    <div
      className="products-controls"
      style={
        Object {
          "position": "absolute",
          "right": "5px",
        }
      }
    />
  </div>
</div>
`;
