// Jest Snapshot v1, https://goo.gl/fbAQLP

exports[`Modal Layout renders 1`] = `
<div
  className="modal"
  style={
    Object {
      "alignItems": "center",
      "background": "rgba(0,0,0,.5)",
      "display": "flex",
      "height": "100vh",
      "justifyContent": "center",
      "left": "0",
      "position": "fixed",
      "top": "0",
      "userSelect": "none",
      "width": "100vw",
    }
  }
>
  <div
    className="modal-container"
    style={
      Object {
        "alignItems": "center",
        "background": "#fff",
        "borderRadius": "25px",
        "display": "flex",
        "justifyContent": "center",
        "minHeight": "80%",
        "width": "93%",
      }
    }
  >
    <div
      className="user-data"
      style={
        Object {
          "alignItems": "center",
          "display": "flex",
          "flexFlow": "column",
          "height": "80vh",
          "justifyContent": "center",
          "minWidth": "50%",
        }
      }
    >
      <p
        className="user-name"
        style={
          Object {
            "color": "#616161",
            "fontSize": "24px",
            "letterSpacing": "-0.15px",
            "lineHeight": "48px",
            "textAlign": "left",
          }
        }
      >
        Daniela Veliz
      </p>
      <div
        className="user-points"
        style={
          Object {
            "alignItems": "center",
            "background": "#ededed",
            "borderRadius": "100px",
            "display": "flex",
            "height": "45px",
            "justifyContent": "center",
            "width": "103px",
          }
        }
      >
        <p
          className="points"
          style={
            Object {
              "color": "#616161",
              "fontSize": "24px",
              "letterSpacing": "-0.15px",
              "lineHeight": "48px",
              "textAlign": "left",
            }
          }
        >
          2000
        </p>
        <img
          alt="coin"
          className="coin"
          height="24px"
          src={Object {}}
          width="24px"
        />
      </div>
      <div
        className="reedem-buttom"
        onClick={[Function]}
        style={
          Object {
            "alignItems": "center",
            "backgroundImage": "linear-gradient(-180deg, #0ad4fa 0%, #25bbf1 100%)",
            "borderRadius": "5px",
            "cursor": "pointer",
            "display": "flex",
            "height": "42px",
            "justifyContent": "center",
            "margin": "40px auto",
            "width": "228px",
          }
        }
      >
        <p
          className="reedem-text"
          style={
            Object {
              "color": "white",
              "fontSize": "18px",
              "letterSpacing": "-0.04px",
              "textAlign": "center",
            }
          }
        >
          Return to catalog
        </p>
      </div>
    </div>
    <div />
  </div>
</div>
`;
