// Jest Snapshot v1, https://goo.gl/fbAQLP

exports[`Product renders 1`] = `
<div
  className="product-card"
  onClick={[Function]}
  style={
    Object {
      "background": "#ffffff",
      "boxShadow": "2px 2px 4px 0 rgba(0,0,0,0.10)",
      "cursor": "pointer",
      "height": "276px",
      "marginTop": "41px",
      "position": "relative",
      "userSelect": "none",
      "width": "276px",
    }
  }
>
  <div
    className="loader"
    style={
      Object {
        "alignItems": "center",
        "display": "flex",
        "height": "182px",
        "justifyContent": "center",
        "marginTop": "12px",
        "width": "252px",
      }
    }
  >
    <div>
      <svg
        height="50"
        viewBox="0 0 38 38"
        width="100"
        xmlns="http://www.w3.org/2000/svg"
      >
        <defs>
          <linearGradient
            id="a"
            x1="8.042%"
            x2="65.682%"
            y1="0%"
            y2="23.865%"
          >
            <stop
              offset="0%"
              stopColor="#00bfff"
              stopOpacity="0"
            />
            <stop
              offset="63.146%"
              stopColor="#00bfff"
              stopOpacity=".631"
            />
            <stop
              offset="100%"
              stopColor="#00bfff"
            />
          </linearGradient>
        </defs>
        <g
          fill="none"
          fillRule="evenodd"
        >
          <g
            transform="translate(1 1)"
          >
            <path
              d="M36 18c0-9.94-8.06-18-18-18"
              id="Oval-2"
              stroke="url(#a)"
              strokeWidth="2"
            >
              <animateTransform
                attributeName="transform"
                dur="0.9s"
                from="0 18 18"
                repeatCount="indefinite"
                to="360 18 18"
                type="rotate"
              />
            </path>
            <circle
              cx="36"
              cy="18"
              fill="#fff"
              r="1"
            >
              <animateTransform
                attributeName="transform"
                dur="0.9s"
                from="0 18 18"
                repeatCount="indefinite"
                to="360 18 18"
                type="rotate"
              />
            </circle>
          </g>
        </g>
      </svg>
    </div>
  </div>
  <img
    alt="Secador de Cabello"
    onError={[Function]}
    onLoad={[Function]}
    src="asdas"
    srcSet="asdas 2x"
    style={
      Object {
        "height": "182px",
        "marginTop": "12px",
        "pointerEvents": "none",
        "width": "252px",
      }
    }
  />
  <div
    className="product-info"
    style={
      Object {
        "bottom": "15px",
        "left": "24px",
        "pointerEvents": "none",
        "position": "absolute",
      }
    }
  >
    <div
      className="product-category"
      style={
        Object {
          "color": "#a3a3a3",
          "fontSize": "16px",
          "letterSpacing": "-0.04px",
          "pointerEvents": "none",
          "textAlign": "left",
        }
      }
    >
      electrodomestico
    </div>
    <div
      className="product-name"
      style={
        Object {
          "color": "#616161",
          "fontSize": "18px",
          "letterSpacing": "-0.04px",
          "pointerEvents": "none",
          "textAlign": "left",
        }
      }
    >
      Secador de Cabello
    </div>
  </div>
  <div
    className="collapsable-buy"
    style={
      Object {
        "alignItems": "center",
        "backgroundImage": "linear-gradient(-180deg, rgba(10, 212, 250, .6) 0%, rgba(37, 187, 241, .7) 100%)",
        "display": "flex",
        "flexFlow": "column",
        "height": "100%",
        "left": "0",
        "opacity": "1",
        "position": "absolute",
        "top": "0",
        "width": "100%",
      }
    }
  >
    <img
      alt="affortable"
      height="42px"
      src={Object {}}
      style={
        Object {
          "pointerEvents": "none",
          "position": "absolute",
          "right": "12px",
          "top": "12px",
        }
      }
      width="42px"
    />
    <div
      className="product-price"
      style={
        Object {
          "alignItems": "center",
          "color": "#ffffff",
          "display": "flex",
          "flexFlow": "row wrap",
          "fontSize": "36px",
          "justifyContent": "center",
          "letterSpacing": "-0.08px",
          "marginBottom": "12px",
          "marginTop": "99px",
          "textAlign": "center",
        }
      }
    >
      2000
      <img
        alt="coin"
        className="coin"
        height="24px"
        src={Object {}}
        style={
          Object {
            "height": "26px",
            "margin": "0 5px",
            "width": "26px",
          }
        }
        width="24px"
      />
    </div>
    <div
      className="reedem-buttom"
      onClick={[Function]}
      style={
        Object {
          "alignItems": "center",
          "background": "#ffffff",
          "borderRadius": "100px",
          "display": "flex",
          "height": "42px",
          "justifyContent": "center",
          "margin": "0 auto",
          "width": "228px",
        }
      }
    >
      <p
        className="reedem-text"
        style={
          Object {
            "color": "#616161",
            "fontSize": "18px",
            "letterSpacing": "-0.04px",
            "textAlign": "center",
          }
        }
      >
        Reedem now
      </p>
    </div>
  </div>
</div>
`;
